+ export REPO_ROOT=/fs/scratch/PAS2836/yusenpeng_dataset/TreeOfLife-10M
+ REPO_ROOT=/fs/scratch/PAS2836/yusenpeng_dataset/TreeOfLife-10M
+ export logs_path=/fs/scratch/PAS2836/yusenpeng_dataset/TreeOfLife-10M/logs
+ logs_path=/fs/scratch/PAS2836/yusenpeng_dataset/TreeOfLife-10M/logs
+ export data_path=/fs/scratch/PAS2836/yusenpeng_dataset/TreeOfLife-10M/data
+ data_path=/fs/scratch/PAS2836/yusenpeng_dataset/TreeOfLife-10M/data
+ mkdir -p /fs/scratch/PAS2836/yusenpeng_dataset/TreeOfLife-10M/logs /fs/scratch/PAS2836/yusenpeng_dataset/TreeOfLife-10M/data
+ source scripts/setup_download_tol-10m_components.bash
++ REPO_ROOT=/users/PAS2912/yusenpeng/Fast-CLIP/bioclip
++ SLURM_SUBMIT_DIR=/users/PAS2912/yusenpeng/Fast-CLIP/bioclip/slurm
++ export REPO_ROOT SLURM_SUBMIT_DIR
++ dataset_path=/users/PAS2912/yusenpeng/Fast-CLIP/bioclip/data/TreeOfLife-10M
++ SLURM_NODES=1
++ METADATA_SLURM_TIME=0:20:00
++ METADATA_SLURM_NTASKS_PER_NODE=1
++ METADATA_SLURM_OUTPUT=/users/PAS2912/yusenpeng/Fast-CLIP/bioclip/logs/download_metadata_%j.out
++ METADATA_SLURM_ERROR=/users/PAS2912/yusenpeng/Fast-CLIP/bioclip/logs/download_metadata_%j.err
++ EOL_SLURM_TIME=18:00:00
++ EOL_SLURM_NTASKS_PER_NODE=12
++ EOL_SLURM_OUTPUT=/users/PAS2912/yusenpeng/Fast-CLIP/bioclip/logs/download_eol_%j.out
++ EOL_SLURM_ERROR=/users/PAS2912/yusenpeng/Fast-CLIP/bioclip/logs/download_eol_%j.err
++ INAT21_SLURM_TIME=4:00:00
++ INAT21_SLURM_NTASKS_PER_NODE=1
++ INAT21_SLURM_OUTPUT=/users/PAS2912/yusenpeng/Fast-CLIP/bioclip/logs/download_inat21_%j.out
++ INAT21_SLURM_ERROR=/users/PAS2912/yusenpeng/Fast-CLIP/bioclip/logs/download_inat21_%j.err
++ BIOSCAN_SLURM_TIME=2:00:00
++ BIOSCAN_SLURM_NTASKS_PER_NODE=20
++ BIOSCAN_SLURM_OUTPUT=/users/PAS2912/yusenpeng/Fast-CLIP/bioclip/logs/download_bioscan_%j.out
++ BIOSCAN_SLURM_ERROR=/users/PAS2912/yusenpeng/Fast-CLIP/bioclip/logs/download_bioscan_%j.err
++ export SLURM_ACCOUNT SLURM_NODES
++ export METADATA_SLURM_TIME METADATA_SLURM_NTASKS_PER_NODE METADATA_SLURM_OUTPUT METADATA_SLURM_ERROR
++ export EOL_SLURM_TIME EOL_SLURM_NTASKS_PER_NODE EOL_SLURM_OUTPUT EOL_SLURM_ERROR
++ export INAT21_SLURM_TIME INAT21_SLURM_NTASKS_PER_NODE INAT21_SLURM_OUTPUT INAT21_SLURM_ERROR
++ export BIOSCAN_SLURM_TIME BIOSCAN_SLURM_NTASKS_PER_NODE BIOSCAN_SLURM_OUTPUT BIOSCAN_SLURM_ERROR
++ metadata_path=/users/PAS2912/yusenpeng/Fast-CLIP/bioclip/data/TreeOfLife-10M/metadata
++ names_path=/users/PAS2912/yusenpeng/Fast-CLIP/bioclip/data/TreeOfLife-10M/metadata/naming
++ eol_root=/users/PAS2912/yusenpeng/Fast-CLIP/bioclip/data/TreeOfLife-10M/dataset/eol
++ inat21_root=/users/PAS2912/yusenpeng/Fast-CLIP/bioclip/data/TreeOfLife-10M/dataset/inat21
++ bioscan_root=/users/PAS2912/yusenpeng/Fast-CLIP/bioclip/data/TreeOfLife-10M/dataset/bioscan
++ rarespecies_root=/users/PAS2912/yusenpeng/Fast-CLIP/bioclip/data/TreeOfLife-10M/dataset/rarespecies
++ container_path=/users/PAS2912/yusenpeng/Fast-CLIP/bioclip/containers
++ logs_path=/users/PAS2912/yusenpeng/Fast-CLIP/bioclip/logs
++ export dataset_path metadata_path names_path eol_root inat21_root bioscan_root rarespecies_root container_path logs_path
++ mkdir -p /users/PAS2912/yusenpeng/Fast-CLIP/bioclip/data/TreeOfLife-10M /users/PAS2912/yusenpeng/Fast-CLIP/bioclip/data/TreeOfLife-10M/metadata /users/PAS2912/yusenpeng/Fast-CLIP/bioclip/data/TreeOfLife-10M/metadata/naming /users/PAS2912/yusenpeng/Fast-CLIP/bioclip/data/TreeOfLife-10M/dataset/eol /users/PAS2912/yusenpeng/Fast-CLIP/bioclip/data/TreeOfLife-10M/dataset/inat21 /users/PAS2912/yusenpeng/Fast-CLIP/bioclip/data/TreeOfLife-10M/dataset/bioscan /users/PAS2912/yusenpeng/Fast-CLIP/bioclip/data/TreeOfLife-10M/dataset/rarespecies /users/PAS2912/yusenpeng/Fast-CLIP/bioclip/containers /users/PAS2912/yusenpeng/Fast-CLIP/bioclip/logs
++ export -f download
++ export -f extract_bioscan
++ export -f extract_inat21
++ aria2_tag=202209060423
++ aria2_sif_path=/users/PAS2912/yusenpeng/Fast-CLIP/bioclip/containers/aria2-pro_202209060423.sif
++ command -v apptainer
++ mkdir -p /users/PAS2912/yusenpeng/Fast-CLIP/bioclip/containers
++ '[' '!' -f /users/PAS2912/yusenpeng/Fast-CLIP/bioclip/containers/aria2-pro_202209060423.sif ']'
++ apptainer build /users/PAS2912/yusenpeng/Fast-CLIP/bioclip/containers/aria2-pro_202209060423.sif docker://p3terx/aria2-pro:202209060423
INFO:    Starting build...
Copying blob sha256:51c8c9194dc8e007f22be6976af0e7bd19348e764f37bcb7b1d7f66917408a53
Copying blob sha256:02a014d8ecfeb9145574ab56891f9ff0d6252b27449a2e1506306a00235f5023
Copying blob sha256:ccca9cf4ba1d0c9ff6c43e96c71b8f48b4ba0f3e2b68d99ab72f8a1915ea2dbf
Copying config sha256:3ba0686f3f7073784b02e68c650f190a309b36969cb21648b8e08119ebb7f5af
Writing manifest to image destination
2025/10/10 21:54:56  info unpack layer: sha256:02a014d8ecfeb9145574ab56891f9ff0d6252b27449a2e1506306a00235f5023
2025/10/10 21:54:57  info unpack layer: sha256:ccca9cf4ba1d0c9ff6c43e96c71b8f48b4ba0f3e2b68d99ab72f8a1915ea2dbf
2025/10/10 21:54:57  info unpack layer: sha256:51c8c9194dc8e007f22be6976af0e7bd19348e764f37bcb7b1d7f66917408a53
INFO:    Creating SIF file...
INFO:    Build complete: /users/PAS2912/yusenpeng/Fast-CLIP/bioclip/containers/aria2-pro_202209060423.sif
++ '[' 0 -ne 0 ']'
++ export aria2_sif_path
+ export SBATCH_ACCOUNT=pas2836
+ SBATCH_ACCOUNT=pas2836
+ mkdir -p /users/PAS2912/yusenpeng/Fast-CLIP/bioclip/logs
++ awk '{print $4}'
++ sbatch --time=0:20:00 --nodes=1 --ntasks-per-node=1 --output=/users/PAS2912/yusenpeng/Fast-CLIP/bioclip/logs/download_metadata_%j.out --error=/users/PAS2912/yusenpeng/Fast-CLIP/bioclip/logs/download_metadata_%j.err /users/PAS2912/yusenpeng/Fast-CLIP/bioclip/slurm/download_metadata.slurm
+ metadata_job=2634669
++ awk '{print $4}'
++ sbatch --time=18:00:00 --nodes=1 --ntasks-per-node=12 --output=/users/PAS2912/yusenpeng/Fast-CLIP/bioclip/logs/download_eol_%j.out --error=/users/PAS2912/yusenpeng/Fast-CLIP/bioclip/logs/download_eol_%j.err /users/PAS2912/yusenpeng/Fast-CLIP/bioclip/slurm/download_eol.slurm
+ eol_job=2634670
++ awk '{print $4}'
++ sbatch --time=4:00:00 --nodes=1 --ntasks-per-node=1 --output=/users/PAS2912/yusenpeng/Fast-CLIP/bioclip/logs/download_inat21_%j.out --error=/users/PAS2912/yusenpeng/Fast-CLIP/bioclip/logs/download_inat21_%j.err /users/PAS2912/yusenpeng/Fast-CLIP/bioclip/slurm/download_inat21.slurm
+ inat21_job=2634671
++ awk '{print $4}'
++ sbatch --time=2:00:00 --nodes=1 --ntasks-per-node=20 --output=/users/PAS2912/yusenpeng/Fast-CLIP/bioclip/logs/download_bioscan_%j.out --error=/users/PAS2912/yusenpeng/Fast-CLIP/bioclip/logs/download_bioscan_%j.err /users/PAS2912/yusenpeng/Fast-CLIP/bioclip/slurm/download_bioscan.slurm
+ bioscan_job=2634672
+ echo 'Submitted jobs: metadata (2634669), EOL (2634670), iNat21 (2634671), BIOSCAN (2634672)'
Submitted jobs: metadata (2634669), EOL (2634670), iNat21 (2634671), BIOSCAN (2634672)
+ echo 'Repo root: /users/PAS2912/yusenpeng/Fast-CLIP/bioclip'
Repo root: /users/PAS2912/yusenpeng/Fast-CLIP/bioclip
